2026-09-21T10:18:56Z INF Thank you for trying Cloudflare Tunnel. Doing so, without a Cloudflare account, is a quick way to experiment and try it out. However, be aware that these account-less Tunnels have no uptime guarantee, are subject to the Cloudflare Online Services Terms of Use (https://www.cloudflare.com/website-terms/), and Cloudflare reserves the right to investigate your use of Tunnels for violations of such terms. If you intend to use Tunnels in production you should use a pre-created named tunnel by following: https://developers.cloudflare.com/cloudflare-one/connections/connect-apps
2026-09-21T10:18:56Z INF Requesting new quick Tunnel on trycloudflare.com...
2026-09-21T10:19:02Z INF +--------------------------------------------------------------------------------------------+
2026-09-21T10:19:02Z INF |  Your quick Tunnel has been created! Visit it at (it may take some time to be reachable):  |
2026-09-21T10:19:02Z INF |  https://departure-deeper-rings-adelaide.trycloudflare.com                                 |
2026-09-21T10:19:02Z INF +--------------------------------------------------------------------------------------------+
2026-09-21T10:19:02Z INF Cannot determine default configuration path. No file [config.yml config.yaml] in [~/.cloudflared ~/.cloudflare-warp ~/cloudflare-warp]
2026-09-21T10:19:02Z INF Version 2026.9.1 (Checksum 2837888cc0f5d58f15b6dc478376de90b4d3ba5241c7947455d1e0a0df429712)
2026-09-21T10:19:02Z INF GOOS: windows, GOVersion: go1.26.8, GoArch: amd64
2026-09-21T10:19:02Z INF Settings: map[ha-connections:1 protocol:quic url:http://localhost:3000]
2026-09-21T10:19:02Z INF cloudflared will not automatically update on Windows systems.
2026-09-21T10:19:02Z INF Generated Connector ID: b6e908e1-2cf3-4e52-85d2-b723071df7c6
2026-09-21T10:19:02Z INF Initial protocol quic
2026-09-21T10:19:02Z INF ICMP proxy will use 192.168.8.78 as source for IPv4
2026-09-21T10:19:02Z INF ICMP proxy will use fd62:27ce:86cf:8100:27e1:c36:5bc9:ff58 in zone Wi-Fi as source for IPv6
2026-09-21T10:19:03Z INF cloudflared does not support loading the system root certificate pool on Windows. Please use --origin-ca-pool <PATH> to specify the path to the certificate pool
2026-09-21T10:19:03Z INF ICMP proxy will use 192.168.8.78 as source for IPv4
2026-09-21T10:19:03Z INF Tunnel connection curve preferences: [X25519MLKEM768 CurveID(65074) CurveP256] connIndex=0 event=0 ip=198.41.192.67
2026-09-21T10:19:03Z INF ICMP proxy will use fd62:27ce:86cf:8100:27e1:c36:5bc9:ff58 in zone Wi-Fi as source for IPv6
2026-09-21T10:19:03Z INF Starting metrics server on 127.0.0.1:20241/metrics
2026-09-21T10:19:03Z INF Registered tunnel connection connIndex=0 connection=059e23a6-82f6-445a-b551-bc566f291cb6 event=0 ip=198.41.192.67 location=mba02 protocol=quic
2026-09-21T10:19:09Z INF +-------------------------------------------------------------------------------------+
2026-09-21T10:19:09Z INF |                               CONNECTIVITY PRE-CHECKS                               |
2026-09-21T10:19:09Z INF +-------------------------------------------------------------------------------------+
2026-09-21T10:19:09Z INF |  COMPONENT         TARGET                     STATUS  DETAILS                       |
2026-09-21T10:19:09Z INF |  DNS Resolution    region1.v2.argotunnel.com  PASS    DNS Resolved successfully     |
2026-09-21T10:19:09Z INF |  DNS Resolution    region2.v2.argotunnel.com  PASS    DNS Resolved successfully     |
2026-09-21T10:19:09Z INF |  UDP Connectivity  region1.v2.argotunnel.com  PASS    QUIC connection successful    |
2026-09-21T10:19:09Z INF |  UDP Connectivity  region2.v2.argotunnel.com  PASS    QUIC connection successful    |
2026-09-21T10:19:09Z INF |  TCP Connectivity  region1.v2.argotunnel.com  PASS    HTTP/2 connection successful  |
2026-09-21T10:19:09Z INF |  TCP Connectivity  region2.v2.argotunnel.com  PASS    HTTP/2 connection successful  |
2026-09-21T10:19:09Z INF |  Cloudflare API    api.cloudflare.com:443     PASS    API is reachable              |
2026-09-21T10:19:09Z INF |                                                                                     |
2026-09-21T10:19:09Z INF |  SUMMARY: Environment is healthy. cloudflared will use 'quic' as primary protocol.  |
2026-09-21T10:19:09Z INF +-------------------------------------------------------------------------------------+
2026-09-21T10:19:09Z INF precheck component="DNS Resolution" details="DNS Resolved successfully" run_id=ed21e51a-6ec6-47b1-a5b6-8f2091b0a4a3 status=pass target=region1.v2.argotunnel.com
2026-09-21T10:19:09Z INF precheck component="DNS Resolution" details="DNS Resolved successfully" run_id=ed21e51a-6ec6-47b1-a5b6-8f2091b0a4a3 status=pass target=region2.v2.argotunnel.com
2026-09-21T10:19:09Z INF precheck component="UDP Connectivity" details="QUIC connection successful" run_id=ed21e51a-6ec6-47b1-a5b6-8f2091b0a4a3 status=pass target=region1.v2.argotunnel.com
2026-09-21T10:19:09Z INF precheck component="UDP Connectivity" details="QUIC connection successful" run_id=ed21e51a-6ec6-47b1-a5b6-8f2091b0a4a3 status=pass target=region2.v2.argotunnel.com
2026-09-21T10:19:09Z INF precheck component="TCP Connectivity" details="HTTP/2 connection successful" run_id=ed21e51a-6ec6-47b1-a5b6-8f2091b0a4a3 status=pass target=region1.v2.argotunnel.com
2026-09-21T10:19:09Z INF precheck component="TCP Connectivity" details="HTTP/2 connection successful" run_id=ed21e51a-6ec6-47b1-a5b6-8f2091b0a4a3 status=pass target=region2.v2.argotunnel.com
2026-09-21T10:19:09Z INF precheck component="Cloudflare API" details="API is reachable" run_id=ed21e51a-6ec6-47b1-a5b6-8f2091b0a4a3 status=pass target=api.cloudflare.com:443
2026-09-21T10:19:09Z INF precheck complete hard_fail=false run_id=ed21e51a-6ec6-47b1-a5b6-8f2091b0a4a3 suggested_protocol=quic
2026-09-21T10:22:30Z INF Initiating graceful shutdown due to signal interrupt ...
2026-09-21T10:22:30Z INF Retrying connection in up to 1s connIndex=0 event=0 ip=198.41.192.67
2026-09-21T10:22:30Z ERR Connection terminated connIndex=0
2026-09-21T10:22:30Z ERR no more connections active and exiting
2026-09-21T10:22:30Z INF Tunnel server stopped
2026-09-21T10:22:30Z INF Metrics server stopped
